NAME                TYPE                DESCRIPTION                               DOCKER ENDPOINT               KUBERNETES ENDPOINT   ORCHESTRATOR
default *           moby                Current DOCKER_HOST based configuration   unix:///var/run/docker.sock                         swarm
test-docker         moby                                                          unix:///var/run/docker.sock                         swarm
