NAME                TYPE                DESCRIPTION                               DOCKER ENDPOINT                  KUBERNETES ENDPOINT   ORCHESTRATOR
default *           moby                Current DOCKER_HOST based configuration   npipe:////./pipe/docker_engine                         swarm
