NAME                TYPE                DESCRIPTION                               DOCKER ENDPOINT               KUBERNETES ENDPOINT   ORCHESTRATOR
default             moby                Current DOCKER_HOST based configuration   unix:///var/run/docker.sock                         swarm
test-local *        local                                                                                                             
