ID                  NAME                DESCRIPTION
123                 secret123           secret 1,2,3
